Input #0, mov,mp4,m4a,3gp,3g2,mj2, from 'projects/bataspis-batwing-fish/part-01.mp4':
  Metadata:
    major_brand     : isom
    minor_version   : 512
    compatible_brands: isomiso2avc1mp41
    encoder         : Lavf61.1.100
  Duration: 00:00:41.70, start: 0.000000, bitrate: 469 kb/s
  Stream #0:0[0x1](und): Video: h264 (High) (avc1 / 0x31637661), yuv420p(progressive), 1376x768, 267 kb/s, 30 fps, 30 tbr, 15360 tbn (default)
      Metadata:
        handler_name    : VideoHandler
        vendor_id       : [0][0][0][0]
        encoder         : Lavc61.3.100 libx264
  Stream #0:1[0x2](und): Audio: aac (LC) (mp4a / 0x6134706D), 44100 Hz, stereo, fltp, 193 kb/s (default)
      Metadata:
        handler_name    : SoundHandler
        vendor_id       : [0][0][0][0]
Stream mapping:
  Stream #0:0 -> #0:0 (h264 (native) -> wrapped_avframe (native))
Press [q] to stop, [?] for help
Output #0, null, to 'pipe:':
  Metadata:
    major_brand     : isom
    minor_version   : 512
    compatible_brands: isomiso2avc1mp41
    encoder         : Lavf61.1.100
  Stream #0:0(und): Video: wrapped_avframe, yuv420p(progressive), 1376x768, q=2-31, 200 kb/s, 30 fps, 30 tbn (default)
      Metadata:
        handler_name    : VideoHandler
        vendor_id       : [0][0][0][0]
        encoder         : Lavc61.3.100 wrapped_avframe
frame=  384 fps=0.0 q=-0.0 size=N/A time=00:00:12.80 bitrate=N/A speed=25.6x    frame=  846 fps=846 q=-0.0 size=N/A time=00:00:28.20 bitrate=N/A speed=28.2x    [out#0/null @ 0x261c4100] video:538KiB audio:0KiB subtitle:0KiB other streams:0KiB global headers:0KiB muxing overhead: unknown
frame= 1251 fps=863 q=-0.0 Lsize=N/A time=00:00:41.70 bitrate=N/A speed=28.8x    
